../Core/Src/iis3dwb_reg.c:50:16:iis3dwb_read_reg	32	static
../Core/Src/iis3dwb_reg.c:67:16:iis3dwb_write_reg	32	static
../Core/Src/iis3dwb_reg.c:86:13:bytecpy	16	static
../Core/Src/iis3dwb_reg.c:106:9:iis3dwb_from_fs2g_to_mg	16	static
../Core/Src/iis3dwb_reg.c:111:9:iis3dwb_from_fs4g_to_mg	16	static
../Core/Src/iis3dwb_reg.c:116:9:iis3dwb_from_fs8g_to_mg	16	static
../Core/Src/iis3dwb_reg.c:121:9:iis3dwb_from_fs16g_to_mg	16	static
../Core/Src/iis3dwb_reg.c:126:9:iis3dwb_from_lsb_to_celsius	16	static
../Core/Src/iis3dwb_reg.c:131:9:iis3dwb_from_lsb_to_nsec	16	static
../Core/Src/iis3dwb_reg.c:157:9:iis3dwb_xl_full_scale_set	24	static
../Core/Src/iis3dwb_reg.c:182:9:iis3dwb_xl_full_scale_get	24	static
../Core/Src/iis3dwb_reg.c:223:9:iis3dwb_xl_data_rate_set	24	static
../Core/Src/iis3dwb_reg.c:248:9:iis3dwb_xl_data_rate_get	24	static
../Core/Src/iis3dwb_reg.c:299:9:iis3dwb_block_data_update_set	16	static
../Core/Src/iis3dwb_reg.c:325:9:iis3dwb_block_data_update_get	24	static
../Core/Src/iis3dwb_reg.c:344:9:iis3dwb_xl_offset_weight_set	24	static
../Core/Src/iis3dwb_reg.c:369:9:iis3dwb_xl_offset_weight_get	24	static
../Core/Src/iis3dwb_reg.c:403:9:iis3dwb_xl_axis_selection_set	32	static
../Core/Src/iis3dwb_reg.c:440:9:iis3dwb_xl_axis_selection_get	32	static
../Core/Src/iis3dwb_reg.c:501:9:iis3dwb_all_sources_get	24	static
../Core/Src/iis3dwb_reg.c:530:9:iis3dwb_status_reg_get	24	static
../Core/Src/iis3dwb_reg.c:546:9:iis3dwb_xl_flag_data_ready_get	24	static
../Core/Src/iis3dwb_reg.c:566:9:iis3dwb_temp_flag_data_ready_get	24	static
../Core/Src/iis3dwb_reg.c:587:9:iis3dwb_usr_offset_block_set	24	static
../Core/Src/iis3dwb_reg.c:611:9:iis3dwb_usr_offset_block_get	24	static
../Core/Src/iis3dwb_reg.c:631:9:iis3dwb_xl_usr_offset_x_set	24	static
../Core/Src/iis3dwb_reg.c:648:9:iis3dwb_xl_usr_offset_x_get	24	static
../Core/Src/iis3dwb_reg.c:665:9:iis3dwb_xl_usr_offset_y_set	24	static
../Core/Src/iis3dwb_reg.c:682:9:iis3dwb_xl_usr_offset_y_get	24	static
../Core/Src/iis3dwb_reg.c:699:9:iis3dwb_xl_usr_offset_z_set	24	static
../Core/Src/iis3dwb_reg.c:716:9:iis3dwb_xl_usr_offset_z_get	24	static
../Core/Src/iis3dwb_reg.c:743:9:iis3dwb_timestamp_rst	24	static
../Core/Src/iis3dwb_reg.c:757:9:iis3dwb_timestamp_set	24	static
../Core/Src/iis3dwb_reg.c:781:9:iis3dwb_timestamp_get	24	static
../Core/Src/iis3dwb_reg.c:801:9:iis3dwb_timestamp_raw_get	24	static
../Core/Src/iis3dwb_reg.c:834:9:iis3dwb_rounding_mode_set	24	static
../Core/Src/iis3dwb_reg.c:858:9:iis3dwb_rounding_mode_get	24	static
../Core/Src/iis3dwb_reg.c:893:9:iis3dwb_temperature_raw_get	24	static
../Core/Src/iis3dwb_reg.c:913:9:iis3dwb_acceleration_raw_get	32	static
../Core/Src/iis3dwb_reg.c:936:9:iis3dwb_fifo_out_raw_get	24	static
../Core/Src/iis3dwb_reg.c:952:9:iis3dwb_fifo_out_multi_raw_get	32	static
../Core/Src/iis3dwb_reg.c:972:9:iis3dwb_fifo_sensor_tag_get	24	static
../Core/Src/iis3dwb_reg.c:1024:9:iis3dwb_odr_cal_reg_set	24	static
../Core/Src/iis3dwb_reg.c:1051:9:iis3dwb_odr_cal_reg_get	24	static
../Core/Src/iis3dwb_reg.c:1071:9:iis3dwb_data_ready_mode_set	24	static
../Core/Src/iis3dwb_reg.c:1098:9:iis3dwb_data_ready_mode_get	24	static
../Core/Src/iis3dwb_reg.c:1132:9:iis3dwb_device_id_get	24	static
../Core/Src/iis3dwb_reg.c:1147:9:iis3dwb_reset_set	24	static
../Core/Src/iis3dwb_reg.c:1170:9:iis3dwb_reset_get	24	static
../Core/Src/iis3dwb_reg.c:1189:9:iis3dwb_auto_increment_set	24	static
../Core/Src/iis3dwb_reg.c:1213:9:iis3dwb_auto_increment_get	24	static
../Core/Src/iis3dwb_reg.c:1231:9:iis3dwb_boot_set	24	static
../Core/Src/iis3dwb_reg.c:1254:9:iis3dwb_boot_get	24	static
../Core/Src/iis3dwb_reg.c:1274:9:iis3dwb_xl_self_test_set	24	static
../Core/Src/iis3dwb_reg.c:1298:9:iis3dwb_xl_self_test_get	24	static
../Core/Src/iis3dwb_reg.c:1351:9:iis3dwb_filter_settling_mask_set	24	static
../Core/Src/iis3dwb_reg.c:1376:9:iis3dwb_filter_settling_mask_get	24	static
../Core/Src/iis3dwb_reg.c:1394:9:iis3dwb_xl_filt_path_on_out_set	32	static
../Core/Src/iis3dwb_reg.c:1432:9:iis3dwb_xl_filt_path_on_out_get	32	static
../Core/Src/iis3dwb_reg.c:1535:9:iis3dwb_xl_fast_settling_set	24	static
../Core/Src/iis3dwb_reg.c:1561:9:iis3dwb_xl_fast_settling_get	24	static
../Core/Src/iis3dwb_reg.c:1580:9:iis3dwb_xl_hp_path_internal_set	24	static
../Core/Src/iis3dwb_reg.c:1606:9:iis3dwb_xl_hp_path_internal_get	24	static
../Core/Src/iis3dwb_reg.c:1652:9:iis3dwb_sdo_sa0_mode_set	24	static
../Core/Src/iis3dwb_reg.c:1676:9:iis3dwb_sdo_sa0_mode_get	24	static
../Core/Src/iis3dwb_reg.c:1709:9:iis3dwb_spi_mode_set	24	static
../Core/Src/iis3dwb_reg.c:1732:9:iis3dwb_spi_mode_get	24	static
../Core/Src/iis3dwb_reg.c:1764:9:iis3dwb_i2c_interface_set	24	static
../Core/Src/iis3dwb_reg.c:1788:9:iis3dwb_i2c_interface_get	24	static
../Core/Src/iis3dwb_reg.c:1834:9:iis3dwb_pin_int1_route_set	32	static
../Core/Src/iis3dwb_reg.c:1879:9:iis3dwb_pin_int1_route_get	32	static
../Core/Src/iis3dwb_reg.c:1927:9:iis3dwb_pin_int2_route_set	32	static
../Core/Src/iis3dwb_reg.c:1973:9:iis3dwb_pin_int2_route_get	32	static
../Core/Src/iis3dwb_reg.c:2022:9:iis3dwb_pin_mode_set	24	static
../Core/Src/iis3dwb_reg.c:2045:9:iis3dwb_pin_mode_get	24	static
../Core/Src/iis3dwb_reg.c:2077:9:iis3dwb_pin_polarity_set	24	static
../Core/Src/iis3dwb_reg.c:2101:9:iis3dwb_pin_polarity_get	24	static
../Core/Src/iis3dwb_reg.c:2134:9:iis3dwb_all_on_int1_set	24	static
../Core/Src/iis3dwb_reg.c:2157:9:iis3dwb_all_on_int1_get	24	static
../Core/Src/iis3dwb_reg.c:2175:9:iis3dwb_int_notification_set	24	static
../Core/Src/iis3dwb_reg.c:2199:9:iis3dwb_int_notification_get	24	static
../Core/Src/iis3dwb_reg.c:2247:9:iis3dwb_wkup_ths_weight_set	24	static
../Core/Src/iis3dwb_reg.c:2275:9:iis3dwb_wkup_ths_weight_get	24	static
../Core/Src/iis3dwb_reg.c:2311:9:iis3dwb_wkup_threshold_set	32	static
../Core/Src/iis3dwb_reg.c:2351:9:iis3dwb_wkup_threshold_get	24	static
../Core/Src/iis3dwb_reg.c:2370:9:iis3dwb_xl_usr_offset_on_wkup_set	24	static
../Core/Src/iis3dwb_reg.c:2396:9:iis3dwb_xl_usr_offset_on_wkup_get	24	static
../Core/Src/iis3dwb_reg.c:2416:9:iis3dwb_wkup_dur_set	24	static
../Core/Src/iis3dwb_reg.c:2441:9:iis3dwb_wkup_dur_get	24	static
../Core/Src/iis3dwb_reg.c:2473:9:iis3dwb_act_sleep_dur_set	24	static
../Core/Src/iis3dwb_reg.c:2498:9:iis3dwb_act_sleep_dur_get	24	static
../Core/Src/iis3dwb_reg.c:2530:9:iis3dwb_fifo_watermark_set	32	static
../Core/Src/iis3dwb_reg.c:2563:9:iis3dwb_fifo_watermark_get	32	static
../Core/Src/iis3dwb_reg.c:2593:9:iis3dwb_fifo_stop_on_wtm_set	24	static
../Core/Src/iis3dwb_reg.c:2619:9:iis3dwb_fifo_stop_on_wtm_get	24	static
../Core/Src/iis3dwb_reg.c:2639:9:iis3dwb_fifo_xl_batch_set	24	static
../Core/Src/iis3dwb_reg.c:2666:9:iis3dwb_fifo_xl_batch_get	24	static
../Core/Src/iis3dwb_reg.c:2700:9:iis3dwb_fifo_mode_set	24	static
../Core/Src/iis3dwb_reg.c:2726:9:iis3dwb_fifo_mode_get	24	static
../Core/Src/iis3dwb_reg.c:2777:9:iis3dwb_fifo_temp_batch_set	24	static
../Core/Src/iis3dwb_reg.c:2804:9:iis3dwb_fifo_temp_batch_get	24	static
../Core/Src/iis3dwb_reg.c:2840:9:iis3dwb_fifo_timestamp_batch_set	24	static
../Core/Src/iis3dwb_reg.c:2869:9:iis3dwb_fifo_timestamp_batch_get	24	static
../Core/Src/iis3dwb_reg.c:2912:9:iis3dwb_rst_batch_counter_set	24	static
../Core/Src/iis3dwb_reg.c:2938:9:iis3dwb_rst_batch_counter_get	24	static
../Core/Src/iis3dwb_reg.c:2958:9:iis3dwb_batch_counter_threshold_set	32	static
../Core/Src/iis3dwb_reg.c:2993:9:iis3dwb_batch_counter_threshold_get	32	static
../Core/Src/iis3dwb_reg.c:3024:9:iis3dwb_fifo_data_level_get	32	static
../Core/Src/iis3dwb_reg.c:3052:9:iis3dwb_fifo_status_get	32	static
