../Core/Src/main.c:111:5:main	8	static
../Core/Src/main.c:219:6:SystemClock_Config	88	static
../Core/Src/main.c:266:13:MX_SPI2_Init	8	static
../Core/Src/main.c:304:13:MX_USART2_UART_Init	8	static
../Core/Src/main.c:337:13:MX_GPIO_Init	48	static
../Core/Src/main.c:400:16:platform_write	24	static
../Core/Src/main.c:421:16:platform_read	24	static
../Core/Src/main.c:440:13:platform_delay	16	static
../Core/Src/main.c:451:13:tx_com	16	static
../Core/Src/main.c:458:6:iis3dwb_fifo	64	static
../Core/Src/main.c:566:6:iis3dwb_read_data_polling	48	static
../Core/Src/main.c:647:6:HAL_SPI_TxCpltCallback	16	static
../Core/Src/main.c:659:6:HAL_SPI_RxCpltCallback	16	static
../Core/Src/main.c:674:6:Error_Handler	4	static,ignoring_inline_asm
