../Core/Src/main.c:138:5:main	8	static
../Core/Src/main.c:286:6:SystemClock_Config	88	static
../Core/Src/main.c:333:13:MX_SPI2_Init	8	static
../Core/Src/main.c:371:13:MX_USART2_UART_Init	8	static
../Core/Src/main.c:404:13:MX_GPIO_Init	48	static
../Core/Src/main.c:467:16:platform_write	24	static
../Core/Src/main.c:491:16:platform_read	24	static
../Core/Src/main.c:514:13:platform_delay	16	static
../Core/Src/main.c:721:6:HAL_SPI_TxCpltCallback	16	static
../Core/Src/main.c:734:6:HAL_SPI_RxCpltCallback	16	static
../Core/Src/main.c:760:6:Error_Handler	4	static,ignoring_inline_asm
